// Jest Snapshot v1, https://goo.gl/fbAQLP

exports[`Home component tests. Home component renders correctly. 1`] = `
Array [
  <div
    className="container-fluid video-player"
  >
    <div
      className="container"
    >
      <div
        className="row vr-gallery"
      />
    </div>
  </div>,
  <footer
    className="container-fluid pt-5"
  >
    <div
      className="container"
    >
      <h2
        className="logo text-center"
      >
        Shahala
      </h2>
      <nav
        className="nav nav-fill mx-auto mt-5"
      >
        <li
          className="nav-item"
        >
          <a
            className="nav-link"
            href="https://facebook.com/fh5co"
            rel="noreferrer"
            target="_blank"
          >
            <i
              className="fab fa-facebook-f"
            />
          </a>
        </li>
        <li
          className="nav-item"
        >
          <a
            className="nav-link"
            href="https://facebook.com/fh5co"
            rel="noreferrer"
            target="_blank"
          >
            <i
              className="fab fa-twitter"
            />
          </a>
        </li>
        <li
          className="nav-item"
        >
          <a
            className="nav-link"
            href="/#"
          >
            <i
              className="fab fa-instagram"
            />
          </a>
        </li>
        <li
          className="nav-item"
        >
          <a
            className="nav-link"
            href="/#"
          >
            <i
              className="fab fa-google-plus-g"
            />
          </a>
        </li>
        <li
          className="nav-item"
        >
          <a
            className="nav-link"
            href="/#"
          >
            <i
              className="fas fa-rss"
            />
          </a>
        </li>
      </nav>
    </div>
    <div
      className="copyright mt-4"
    >
      <p
        className="text-center"
      >
        Â© 2019 
        <a
          className="text-white"
          href="/#"
        >
          Shahala
        </a>
        . All Rights Reserved. Design by 
        <a
          className="text-white"
          href="https://freehtml5.co/shahala"
          rel="noreferrer"
          target="_blank"
        >
          FreeHTML5.co
        </a>
        .
      </p>
    </div>
  </footer>,
]
`;
