// Jest Snapshot v1, https://goo.gl/fbAQLP

exports[`PostFeeds component tests. PostFeeds component renders correctly. 1`] = `
<DocumentFragment>
  <div
    class="container-fluid video-player"
  >
    <div
      class="container"
    >
      <div
        class="row vr-gallery"
      />
    </div>
  </div>
</DocumentFragment>
`;
